nouvelle session
ajoute candidat Adam
ajoute formation Université Côte d'Azur (1 places)
ajoute voeu de Adam pour Université Côte d'Azur
ajoute voeu de Adam pour Université Côte d'Azur (rang=-1)
commission de classement de Université Côte d'Azur : [Adam]
réunit commissions
nouveau jour
Voeux en attente de Adam : {}
Propositions en attente de Adam : {Université Côte d'Azur}
Adam renonce à Université Côte d'Azur
nouveau jour
Voeux en attente de Adam : {}
Propositions en attente de Adam : {}
