nouvelle session
ajoute candidat Adam
ajoute candidat Olivier
ajoute candidat Marie
ajoute candidat Pierre
ajoute formation Université Côte d'Azur (7 places)
ajoute formation Université de Toulon (2 places)
ajoute formation Université de Paris (1 places)
ajoute voeu de Adam pour Université Côte d'Azur (rang=1)
ajoute voeu de Olivier pour Université Côte d'Azur
ajoute voeu de Marie pour Université Côte d'Azur (rang=2)
ajoute voeu de Pierre pour Université Côte d'Azur
ajoute voeu de Marie pour Université de Paris (rang=2)
ajoute voeu de Adam pour Université de Paris (rang=5)
ajoute voeu de Marie pour Université de Toulon (rang=5)
commission de classement de Université Côte d'Azur : [Adam; Olivier; Marie; Pierre]
commission de classement de Université de Toulon : [Adam; Olivier; Marie; Pierre]
commission de classement de Université de Paris : [Adam; Olivier; Marie; Pierre]
réunit commissions
nouveau jour
Voeux en attente de Adam : {}
Propositions en attente de Adam : {Université Côte d'Azur}
Voeux en attente de Olivier : {}
Propositions en attente de Olivier : {Université Côte d'Azur}
Voeux en attente de Marie : {}
Propositions en attente de Marie : {Université de Paris, Université Côte d'Azur}
Voeux en attente de Pierre : {}
Propositions en attente de Pierre : {Université Côte d'Azur}
Adam renonce à Université Côte d'Azur
Marie renonce à Université Côte d'Azur
nouveau jour
Voeux en attente de Adam : {}
Propositions en attente de Adam : {}
Voeux en attente de Olivier : {}
Propositions en attente de Olivier : {Université Côte d'Azur}
Voeux en attente de Marie : {}
Propositions en attente de Marie : {Université de Paris}
Voeux en attente de Pierre : {}
Propositions en attente de Pierre : {Université Côte d'Azur}
